

================================================================
== Vitis HLS Report for 'conv2'
================================================================
* Date:           Fri Oct 31 14:36:54 2025

* Version:        2023.1 (Build 3854077 on May  4 2023)
* Project:        srcnn_hls
* Solution:       solution1 (Vivado IP Flow Target)
* Product family: zynquplus
* Target device:  xck26-sfvc784-2LV-c


================================================================
== Performance Estimates
================================================================
+ Timing: 
    * Summary: 
    +--------+----------+----------+------------+
    |  Clock |  Target  | Estimated| Uncertainty|
    +--------+----------+----------+------------+
    |ap_clk  |  10.00 ns|  7.331 ns|     2.70 ns|
    +--------+----------+----------+------------+

+ Latency: 
    * Summary: 
    +----------+----------+-----------+-----------+----------+----------+---------+
    |   Latency (cycles)  |   Latency (absolute)  |       Interval      | Pipeline|
    |    min   |    max   |    min    |    max    |    min   |    max   |   Type  |
    +----------+----------+-----------+-----------+----------+----------+---------+
    |  66585846|  66585846|  0.666 sec|  0.666 sec|  66585846|  66585846|       no|
    +----------+----------+-----------+-----------+----------+----------+---------+

    + Detail: 
        * Instance: 
        N/A

        * Loop: 
        +---------------------------------------------------+----------+----------+----------+-----------+-----------+---------+----------+
        |                                                   |   Latency (cycles)  | Iteration|  Initiation Interval  |   Trip  |          |
        |                     Loop Name                     |    min   |    max   |  Latency |  achieved |   target  |  Count  | Pipelined|
        +---------------------------------------------------+----------+----------+----------+-----------+-----------+---------+----------+
        |- VITIS_LOOP_11_1_VITIS_LOOP_13_2_VITIS_LOOP_15_3  |  66585844|  66585844|       277|         32|          1|  2080800|       yes|
        +---------------------------------------------------+----------+----------+----------+-----------+-----------+---------+----------+



================================================================
== Utilization Estimates
================================================================
* Summary: 
+-----------------+---------+------+--------+--------+-----+
|       Name      | BRAM_18K|  DSP |   FF   |   LUT  | URAM|
+-----------------+---------+------+--------+--------+-----+
|DSP              |        -|     -|       -|       -|    -|
|Expression       |        -|     -|       0|    8487|    -|
|FIFO             |        -|     -|       -|       -|    -|
|Instance         |        -|     7|     582|     563|    -|
|Memory           |        -|     -|       -|       -|    -|
|Multiplexer      |        -|     -|       -|    1824|    -|
|Register         |        -|     -|    7702|    1600|    -|
+-----------------+---------+------+--------+--------+-----+
|Total            |        0|     7|    8284|   12474|    0|
+-----------------+---------+------+--------+--------+-----+
|Available        |      288|  1248|  234240|  117120|   64|
+-----------------+---------+------+--------+--------+-----+
|Utilization (%)  |        0|    ~0|       3|      10|    0|
+-----------------+---------+------+--------+--------+-----+

+ Detail: 
    * Instance: 
    +------------------------------------+--------------------------------+---------+----+-----+-----+-----+
    |              Instance              |             Module             | BRAM_18K| DSP|  FF | LUT | URAM|
    +------------------------------------+--------------------------------+---------+----+-----+-----+-----+
    |fadd_32ns_32ns_32_4_full_dsp_1_U13  |fadd_32ns_32ns_32_4_full_dsp_1  |        0|   2|  227|  214|    0|
    |fadd_32ns_32ns_32_4_full_dsp_1_U14  |fadd_32ns_32ns_32_4_full_dsp_1  |        0|   2|  227|  214|    0|
    |fmul_32ns_32ns_32_3_max_dsp_1_U16   |fmul_32ns_32ns_32_3_max_dsp_1   |        0|   3|  128|  135|    0|
    +------------------------------------+--------------------------------+---------+----+-----+-----+-----+
    |Total                               |                                |        0|   7|  582|  563|    0|
    +------------------------------------+--------------------------------+---------+----+-----+-----+-----+

    * DSP: 
    N/A

    * Memory: 
    N/A

    * FIFO: 
    N/A

    * Expression: 
    +-----------------------------------+----------+----+---+-----+------------+------------+
    |           Variable Name           | Operation| DSP| FF| LUT | Bitwidth P0| Bitwidth P1|
    +-----------------------------------+----------+----+---+-----+------------+------------+
    |add_ln11_1_fu_1726_p2              |         +|   0|  0|   28|          21|           1|
    |add_ln11_fu_1735_p2                |         +|   0|  0|   13|           6|           1|
    |add_ln13_2_fu_4277_p2              |         +|   0|  0|   23|          16|           1|
    |add_ln13_fu_1896_p2                |         +|   0|  0|   15|           8|           1|
    |add_ln15_fu_1857_p2                |         +|   0|  0|   15|           8|           1|
    |add_ln33_100_fu_3456_p2            |         +|   0|  0|   22|          22|          22|
    |add_ln33_101_fu_3508_p2            |         +|   0|  0|   22|          22|          22|
    |add_ln33_102_fu_3518_p2            |         +|   0|  0|   22|          22|          22|
    |add_ln33_103_fu_3570_p2            |         +|   0|  0|   22|          22|          22|
    |add_ln33_104_fu_3580_p2            |         +|   0|  0|   22|          22|          22|
    |add_ln33_105_fu_3632_p2            |         +|   0|  0|   22|          22|          22|
    |add_ln33_106_fu_3642_p2            |         +|   0|  0|   22|          22|          22|
    |add_ln33_107_fu_3694_p2            |         +|   0|  0|   22|          22|          22|
    |add_ln33_108_fu_3704_p2            |         +|   0|  0|   22|          22|          22|
    |add_ln33_109_fu_3756_p2            |         +|   0|  0|   22|          22|          22|
    |add_ln33_110_fu_3766_p2            |         +|   0|  0|   22|          22|          22|
    |add_ln33_111_fu_3818_p2            |         +|   0|  0|   22|          22|          22|
    |add_ln33_112_fu_3828_p2            |         +|   0|  0|   22|          22|          22|
    |add_ln33_113_fu_3880_p2            |         +|   0|  0|   22|          22|          22|
    |add_ln33_114_fu_3890_p2            |         +|   0|  0|   22|          22|          22|
    |add_ln33_115_fu_3942_p2            |         +|   0|  0|   22|          22|          22|
    |add_ln33_116_fu_3952_p2            |         +|   0|  0|   22|          22|          22|
    |add_ln33_117_fu_4004_p2            |         +|   0|  0|   22|          22|          22|
    |add_ln33_118_fu_4014_p2            |         +|   0|  0|   22|          22|          22|
    |add_ln33_119_fu_4066_p2            |         +|   0|  0|   22|          22|          22|
    |add_ln33_120_fu_4076_p2            |         +|   0|  0|   22|          22|          22|
    |add_ln33_121_fu_4128_p2            |         +|   0|  0|   22|          22|          22|
    |add_ln33_122_fu_4138_p2            |         +|   0|  0|   22|          22|          22|
    |add_ln33_123_fu_4190_p2            |         +|   0|  0|   22|          22|          22|
    |add_ln33_124_fu_4200_p2            |         +|   0|  0|   22|          22|          22|
    |add_ln33_125_fu_4257_p2            |         +|   0|  0|   22|          22|          22|
    |add_ln33_126_fu_4267_p2            |         +|   0|  0|   22|          22|          22|
    |add_ln33_127_fu_4319_p2            |         +|   0|  0|   22|          22|          22|
    |add_ln33_128_fu_4329_p2            |         +|   0|  0|   22|          22|          22|
    |add_ln33_129_fu_4359_p2            |         +|   0|  0|   22|          22|          22|
    |add_ln33_130_fu_4369_p2            |         +|   0|  0|   22|          22|          22|
    |add_ln33_131_fu_4399_p2            |         +|   0|  0|   22|          22|          22|
    |add_ln33_132_fu_4409_p2            |         +|   0|  0|   22|          22|          22|
    |add_ln33_133_fu_4439_p2            |         +|   0|  0|   22|          22|          22|
    |add_ln33_134_fu_4449_p2            |         +|   0|  0|   22|          22|          22|
    |add_ln33_135_fu_4479_p2            |         +|   0|  0|   22|          22|          22|
    |add_ln33_136_fu_4489_p2            |         +|   0|  0|   22|          22|          22|
    |add_ln33_137_fu_4519_p2            |         +|   0|  0|   22|          22|          22|
    |add_ln33_138_fu_4529_p2            |         +|   0|  0|   22|          22|          22|
    |add_ln33_139_fu_4559_p2            |         +|   0|  0|   22|          22|          22|
    |add_ln33_140_fu_4569_p2            |         +|   0|  0|   22|          22|          22|
    |add_ln33_141_fu_4609_p2            |         +|   0|  0|   22|          22|          22|
    |add_ln33_142_fu_4619_p2            |         +|   0|  0|   22|          22|          22|
    |add_ln33_143_fu_4629_p2            |         +|   0|  0|   22|          22|          22|
    |add_ln33_144_fu_4634_p2            |         +|   0|  0|   22|          22|          22|
    |add_ln33_19_fu_2940_p2             |         +|   0|  0|   22|          22|          17|
    |add_ln33_20_fu_2945_p2             |         +|   0|  0|   22|          22|          18|
    |add_ln33_21_fu_3002_p2             |         +|   0|  0|   22|          22|          18|
    |add_ln33_22_fu_3007_p2             |         +|   0|  0|   22|          22|          19|
    |add_ln33_23_fu_3064_p2             |         +|   0|  0|   22|          22|          19|
    |add_ln33_24_fu_3069_p2             |         +|   0|  0|   22|          22|          19|
    |add_ln33_25_fu_3126_p2             |         +|   0|  0|   22|          22|          19|
    |add_ln33_26_fu_3131_p2             |         +|   0|  0|   22|          22|          20|
    |add_ln33_27_fu_3188_p2             |         +|   0|  0|   22|          22|          20|
    |add_ln33_28_fu_3193_p2             |         +|   0|  0|   22|          22|          20|
    |add_ln33_29_fu_3250_p2             |         +|   0|  0|   22|          22|          20|
    |add_ln33_30_fu_3255_p2             |         +|   0|  0|   22|          22|          20|
    |add_ln33_31_fu_3312_p2             |         +|   0|  0|   22|          22|          20|
    |add_ln33_32_fu_3317_p2             |         +|   0|  0|   22|          22|          20|
    |add_ln33_33_fu_3374_p2             |         +|   0|  0|   22|          22|          20|
    |add_ln33_34_fu_3379_p2             |         +|   0|  0|   22|          22|          21|
    |add_ln33_35_fu_3436_p2             |         +|   0|  0|   22|          22|          21|
    |add_ln33_36_fu_3441_p2             |         +|   0|  0|   22|          22|          21|
    |add_ln33_37_fu_3498_p2             |         +|   0|  0|   22|          22|          21|
    |add_ln33_38_fu_3503_p2             |         +|   0|  0|   22|          22|          21|
    |add_ln33_39_fu_3560_p2             |         +|   0|  0|   22|          22|          21|
    |add_ln33_40_fu_3565_p2             |         +|   0|  0|   22|          22|          21|
    |add_ln33_41_fu_3622_p2             |         +|   0|  0|   22|          22|          21|
    |add_ln33_42_fu_3627_p2             |         +|   0|  0|   22|          22|          21|
    |add_ln33_43_fu_3684_p2             |         +|   0|  0|   22|          22|          21|
    |add_ln33_44_fu_3689_p2             |         +|   0|  0|   22|          22|          21|
    |add_ln33_45_fu_3746_p2             |         +|   0|  0|   22|          22|          21|
    |add_ln33_46_fu_3751_p2             |         +|   0|  0|   22|          22|          21|
    |add_ln33_47_fu_3808_p2             |         +|   0|  0|   22|          22|          21|
    |add_ln33_48_fu_3813_p2             |         +|   0|  0|   22|          22|          21|
    |add_ln33_49_fu_3870_p2             |         +|   0|  0|   22|          22|          21|
    |add_ln33_50_fu_3875_p2             |         +|   0|  0|   22|          22|          22|
    |add_ln33_51_fu_3932_p2             |         +|   0|  0|   22|          22|          22|
    |add_ln33_52_fu_3937_p2             |         +|   0|  0|   22|          22|          22|
    |add_ln33_53_fu_3994_p2             |         +|   0|  0|   22|          22|          22|
    |add_ln33_54_fu_3999_p2             |         +|   0|  0|   22|          22|          22|
    |add_ln33_55_fu_4056_p2             |         +|   0|  0|   22|          22|          22|
    |add_ln33_56_fu_4061_p2             |         +|   0|  0|   22|          22|          22|
    |add_ln33_57_fu_4118_p2             |         +|   0|  0|   22|          22|          22|
    |add_ln33_58_fu_4123_p2             |         +|   0|  0|   22|          22|          22|
    |add_ln33_59_fu_4180_p2             |         +|   0|  0|   22|          22|          22|
    |add_ln33_60_fu_4185_p2             |         +|   0|  0|   22|          22|          22|
    |add_ln33_61_fu_4247_p2             |         +|   0|  0|   22|          22|          22|
    |add_ln33_62_fu_4252_p2             |         +|   0|  0|   22|          22|          22|
    |add_ln33_63_fu_4309_p2             |         +|   0|  0|   22|          22|          22|
    |add_ln33_64_fu_4314_p2             |         +|   0|  0|   22|          22|          22|
    |add_ln33_65_fu_4349_p2             |         +|   0|  0|   22|          22|          22|
    |add_ln33_66_fu_4354_p2             |         +|   0|  0|   22|          22|          21|
    |add_ln33_67_fu_4389_p2             |         +|   0|  0|   22|          22|          21|
    |add_ln33_68_fu_4394_p2             |         +|   0|  0|   22|          22|          21|
    |add_ln33_69_fu_4429_p2             |         +|   0|  0|   22|          22|          21|
    |add_ln33_70_fu_4434_p2             |         +|   0|  0|   22|          22|          21|
    |add_ln33_71_fu_4469_p2             |         +|   0|  0|   22|          22|          21|
    |add_ln33_72_fu_4474_p2             |         +|   0|  0|   22|          22|          21|
    |add_ln33_73_fu_4509_p2             |         +|   0|  0|   22|          22|          21|
    |add_ln33_74_fu_4514_p2             |         +|   0|  0|   22|          22|          20|
    |add_ln33_75_fu_4549_p2             |         +|   0|  0|   22|          22|          20|
    |add_ln33_76_fu_4554_p2             |         +|   0|  0|   22|          22|          20|
    |add_ln33_77_fu_4589_p2             |         +|   0|  0|   22|          22|          20|
    |add_ln33_78_fu_4594_p2             |         +|   0|  0|   22|          22|          19|
    |add_ln33_79_fu_4599_p2             |         +|   0|  0|   22|          22|          19|
    |add_ln33_80_fu_4604_p2             |         +|   0|  0|   22|          22|          18|
    |add_ln33_81_fu_2898_p2             |         +|   0|  0|   29|          22|          22|
    |add_ln33_82_fu_2908_p2             |         +|   0|  0|   22|          22|          22|
    |add_ln33_83_fu_2950_p2             |         +|   0|  0|   22|          22|          22|
    |add_ln33_84_fu_2960_p2             |         +|   0|  0|   22|          22|          22|
    |add_ln33_85_fu_3012_p2             |         +|   0|  0|   22|          22|          22|
    |add_ln33_86_fu_3022_p2             |         +|   0|  0|   22|          22|          22|
    |add_ln33_87_fu_3074_p2             |         +|   0|  0|   22|          22|          22|
    |add_ln33_88_fu_3084_p2             |         +|   0|  0|   22|          22|          22|
    |add_ln33_89_fu_3136_p2             |         +|   0|  0|   22|          22|          22|
    |add_ln33_90_fu_3146_p2             |         +|   0|  0|   22|          22|          22|
    |add_ln33_91_fu_3198_p2             |         +|   0|  0|   22|          22|          22|
    |add_ln33_92_fu_3208_p2             |         +|   0|  0|   22|          22|          22|
    |add_ln33_93_fu_3260_p2             |         +|   0|  0|   22|          22|          22|
    |add_ln33_94_fu_3270_p2             |         +|   0|  0|   22|          22|          22|
    |add_ln33_95_fu_3322_p2             |         +|   0|  0|   22|          22|          22|
    |add_ln33_96_fu_3332_p2             |         +|   0|  0|   22|          22|          22|
    |add_ln33_97_fu_3384_p2             |         +|   0|  0|   22|          22|          22|
    |add_ln33_98_fu_3394_p2             |         +|   0|  0|   22|          22|          22|
    |add_ln33_99_fu_3446_p2             |         +|   0|  0|   22|          22|          22|
    |add_ln33_fu_2892_p2                |         +|   0|  0|   22|          22|          16|
    |add_ln38_1_fu_4735_p2              |         +|   0|  0|   21|          21|          21|
    |add_ln38_fu_4704_p2                |         +|   0|  0|   23|          16|          16|
    |sub_i_i_i_i_i_i32_fu_2105_p2       |         +|   0|  0|   19|          12|          11|
    |sub_i_i_i_i_i_i32_mid1_fu_2740_p2  |         +|   0|  0|   19|          12|          11|
    |sub_i_i_i_i_i_i_fu_2438_p2         |         +|   0|  0|   19|          12|          11|
    |result_3_fu_2538_p2                |         -|   0|  0|   29|           1|          22|
    |result_6_fu_2205_p2                |         -|   0|  0|   21|           1|          14|
    |result_6_mid1_fu_2853_p2           |         -|   0|  0|   21|           1|          14|
    |sub_i43_i_i_i36_fu_2119_p2         |         -|   0|  0|   18|          10|          11|
    |sub_i43_i_i_i36_mid1_fu_2754_p2    |         -|   0|  0|   18|          10|          11|
    |sub_i43_i_i_i_fu_2452_p2           |         -|   0|  0|   18|          10|          11|
    |sub_ln33_fu_2886_p2                |         -|   0|  0|   29|          22|          22|
    |sub_ln38_1_fu_4726_p2              |         -|   0|  0|   21|          21|          21|
    |sub_ln38_fu_4691_p2                |         -|   0|  0|   22|          15|          15|
    |and_ln11_fu_1833_p2                |       and|   0|  0|    2|           1|           1|
    |and_ln18_12_fu_2628_p2             |       and|   0|  0|    2|           1|           1|
    |and_ln18_13_fu_4819_p2             |       and|   0|  0|    2|           1|           1|
    |and_ln18_14_fu_2680_p2             |       and|   0|  0|    2|           1|           1|
    |and_ln18_1_fu_2037_p2              |       and|   0|  0|    2|           1|           1|
    |and_ln18_2_fu_2318_p2              |       and|   0|  0|    2|           1|           1|
    |and_ln18_3_fu_2370_p2              |       and|   0|  0|    2|           1|           1|
    |and_ln18_fu_1985_p2                |       and|   0|  0|    2|           1|           1|
    |and_ln25_1_fu_2300_p2              |       and|   0|  0|    2|           1|           1|
    |and_ln25_2_fu_4779_p2              |       and|   0|  0|    2|           1|           1|
    |and_ln25_6_fu_2610_p2              |       and|   0|  0|    2|           1|           1|
    |and_ln25_fu_1967_p2                |       and|   0|  0|    2|           1|           1|
    |icmp_ln11_fu_1720_p2               |      icmp|   0|  0|   28|          21|          15|
    |icmp_ln13_fu_1745_p2               |      icmp|   0|  0|   23|          16|          10|
    |icmp_ln15_fu_1827_p2               |      icmp|   0|  0|   15|           8|           2|
    |icmp_ln18_10_fu_2306_p2            |      icmp|   0|  0|   18|          11|           2|
    |icmp_ln18_11_fu_2358_p2            |      icmp|   0|  0|   18|          11|           2|
    |icmp_ln18_12_fu_2364_p2            |      icmp|   0|  0|   59|          52|           1|
    |icmp_ln18_13_fu_4785_p2            |      icmp|   0|  0|   15|           8|           2|
    |icmp_ln18_19_fu_2616_p2            |      icmp|   0|  0|   18|          11|           2|
    |icmp_ln18_20_fu_2668_p2            |      icmp|   0|  0|   18|          11|           2|
    |icmp_ln18_21_fu_2674_p2            |      icmp|   0|  0|   59|          52|           1|
    |icmp_ln18_8_fu_2025_p2             |      icmp|   0|  0|   18|          11|           2|
    |icmp_ln18_9_fu_2031_p2             |      icmp|   0|  0|   59|          52|           1|
    |icmp_ln18_fu_1973_p2               |      icmp|   0|  0|   18|          11|           2|
    |icmp_ln25_13_fu_2598_p2            |      icmp|   0|  0|   18|          11|           1|
    |icmp_ln25_14_fu_2604_p2            |      icmp|   0|  0|   59|          52|           1|
    |icmp_ln25_3_fu_1961_p2             |      icmp|   0|  0|   59|          52|           1|
    |icmp_ln25_4_fu_2288_p2             |      icmp|   0|  0|   18|          11|           1|
    |icmp_ln25_5_fu_2294_p2             |      icmp|   0|  0|   59|          52|           1|
    |icmp_ln25_6_fu_4767_p2             |      icmp|   0|  0|   15|           8|           1|
    |icmp_ln25_7_fu_4773_p2             |      icmp|   0|  0|   30|          23|           1|
    |icmp_ln25_fu_1955_p2               |      icmp|   0|  0|   18|          11|           1|
    |icmp_ln38_fu_2686_p2               |      icmp|   0|  0|   71|          64|          63|
    |ymaggreater_12_fu_2043_p2          |      icmp|   0|  0|   71|          64|          63|
    |ymaggreater_14_fu_2376_p2          |      icmp|   0|  0|   71|          64|          63|
    |ymaggreater_15_fu_4797_p2          |      icmp|   0|  0|   39|          32|           1|
    |shr_i_i_i_i_i39_fu_2145_p2         |      lshr|   0|  0|  460|         137|         137|
    |shr_i_i_i_i_i39_mid1_fu_2780_p2    |      lshr|   0|  0|  460|         137|         137|
    |shr_i_i_i_i_i_fu_2478_p2           |      lshr|   0|  0|  460|         137|         137|
    |or_ln11_10_fu_2229_p2              |        or|   0|  0|   11|          11|           4|
    |or_ln11_11_fu_2240_p2              |        or|   0|  0|   11|          11|           4|
    |or_ln11_12_fu_2251_p2              |        or|   0|  0|   11|          11|           4|
    |or_ln11_13_fu_2492_p2              |        or|   0|  0|   11|          11|           4|
    |or_ln11_14_fu_2503_p2              |        or|   0|  0|   11|          11|           4|
    |or_ln11_15_fu_2551_p2              |        or|   0|  0|   11|          11|           5|
    |or_ln11_16_fu_2562_p2              |        or|   0|  0|   11|          11|           5|
    |or_ln11_17_fu_2794_p2              |        or|   0|  0|   11|          11|           5|
    |or_ln11_18_fu_2805_p2              |        or|   0|  0|   11|          11|           5|
    |or_ln11_19_fu_2918_p2              |        or|   0|  0|   11|          11|           5|
    |or_ln11_1_fu_1800_p2               |        or|   0|  0|   11|          11|           2|
    |or_ln11_20_fu_2929_p2              |        or|   0|  0|   11|          11|           5|
    |or_ln11_21_fu_2980_p2              |        or|   0|  0|   11|          11|           5|
    |or_ln11_22_fu_2991_p2              |        or|   0|  0|   11|          11|           5|
    |or_ln11_23_fu_3042_p2              |        or|   0|  0|   11|          11|           5|
    |or_ln11_24_fu_3053_p2              |        or|   0|  0|   11|          11|           5|
    |or_ln11_25_fu_3104_p2              |        or|   0|  0|   11|          11|           5|
    |or_ln11_26_fu_3115_p2              |        or|   0|  0|   11|          11|           5|
    |or_ln11_27_fu_3166_p2              |        or|   0|  0|   11|          11|           5|
    |or_ln11_28_fu_3177_p2              |        or|   0|  0|   11|          11|           5|
    |or_ln11_29_fu_3228_p2              |        or|   0|  0|   11|          11|           5|
    |or_ln11_2_fu_1811_p2               |        or|   0|  0|   11|          11|           2|
    |or_ln11_30_fu_3239_p2              |        or|   0|  0|   11|          11|           5|
    |or_ln11_31_fu_3290_p2              |        or|   0|  0|   11|          11|           6|
    |or_ln11_32_fu_3301_p2              |        or|   0|  0|   11|          11|           6|
    |or_ln11_33_fu_3352_p2              |        or|   0|  0|   11|          11|           6|
    |or_ln11_34_fu_3363_p2              |        or|   0|  0|   11|          11|           6|
    |or_ln11_35_fu_3414_p2              |        or|   0|  0|   11|          11|           6|
    |or_ln11_36_fu_3425_p2              |        or|   0|  0|   11|          11|           6|
    |or_ln11_37_fu_3476_p2              |        or|   0|  0|   11|          11|           6|
    |or_ln11_38_fu_3487_p2              |        or|   0|  0|   11|          11|           6|
    |or_ln11_39_fu_3538_p2              |        or|   0|  0|   11|          11|           6|
    |or_ln11_3_fu_1874_p2               |        or|   0|  0|   11|          11|           3|
    |or_ln11_40_fu_3549_p2              |        or|   0|  0|   11|          11|           6|
    |or_ln11_41_fu_3600_p2              |        or|   0|  0|   11|          11|           6|
    |or_ln11_42_fu_3611_p2              |        or|   0|  0|   11|          11|           6|
    |or_ln11_43_fu_3662_p2              |        or|   0|  0|   11|          11|           6|
    |or_ln11_44_fu_3673_p2              |        or|   0|  0|   11|          11|           6|
    |or_ln11_45_fu_3724_p2              |        or|   0|  0|   11|          11|           6|
    |or_ln11_46_fu_3735_p2              |        or|   0|  0|   11|          11|           6|
    |or_ln11_47_fu_3786_p2              |        or|   0|  0|   11|          11|           6|
    |or_ln11_48_fu_3797_p2              |        or|   0|  0|   11|          11|           6|
    |or_ln11_49_fu_3848_p2              |        or|   0|  0|   11|          11|           6|
    |or_ln11_4_fu_1885_p2               |        or|   0|  0|   11|          11|           3|
    |or_ln11_50_fu_3859_p2              |        or|   0|  0|   11|          11|           6|
    |or_ln11_51_fu_3910_p2              |        or|   0|  0|   11|          11|           6|
    |or_ln11_52_fu_3921_p2              |        or|   0|  0|   11|          11|           6|
    |or_ln11_53_fu_3972_p2              |        or|   0|  0|   11|          11|           6|
    |or_ln11_54_fu_3983_p2              |        or|   0|  0|   11|          11|           6|
    |or_ln11_55_fu_4034_p2              |        or|   0|  0|   11|          11|           6|
    |or_ln11_56_fu_4045_p2              |        or|   0|  0|   11|          11|           6|
    |or_ln11_57_fu_4096_p2              |        or|   0|  0|   11|          11|           6|
    |or_ln11_58_fu_4107_p2              |        or|   0|  0|   11|          11|           6|
    |or_ln11_59_fu_4158_p2              |        or|   0|  0|   11|          11|           6|
    |or_ln11_5_fu_1907_p2               |        or|   0|  0|   11|          11|           3|
    |or_ln11_60_fu_4169_p2              |        or|   0|  0|   11|          11|           6|
    |or_ln11_61_fu_4220_p2              |        or|   0|  0|   11|          11|           6|
    |or_ln11_62_fu_4231_p2              |        or|   0|  0|   11|          11|           6|
    |or_ln11_6_fu_1918_p2               |        or|   0|  0|   11|          11|           3|
    |or_ln11_7_fu_2159_p2               |        or|   0|  0|   11|          11|           4|
    |or_ln11_8_fu_2170_p2               |        or|   0|  0|   11|          11|           4|
    |or_ln11_9_fu_2218_p2               |        or|   0|  0|   11|          11|           4|
    |or_ln11_fu_1776_p2                 |        or|   0|  0|   11|          11|           1|
    |or_ln13_fu_1839_p2                 |        or|   0|  0|    2|           1|           1|
    |or_ln18_13_fu_2324_p2              |        or|   0|  0|    2|           1|           1|
    |or_ln18_14_fu_2634_p2              |        or|   0|  0|    2|           1|           1|
    |or_ln18_fu_1991_p2                 |        or|   0|  0|    2|           1|           1|
    |or_ln488_1_fu_2330_p2              |        or|   0|  0|    2|           1|           1|
    |or_ln488_2_fu_2640_p2              |        or|   0|  0|    2|           1|           1|
    |or_ln488_fu_1997_p2                |        or|   0|  0|    2|           1|           1|
    |cond_i_i_i_i37_fu_2129_p3          |    select|   0|  0|   11|           1|          12|
    |cond_i_i_i_i37_mid1_fu_2764_p3     |    select|   0|  0|   11|           1|          12|
    |cond_i_i_i_i_fu_2462_p3            |    select|   0|  0|   11|           1|          12|
    |data_1_fu_2057_p3                  |    select|   0|  0|   64|           1|          63|
    |data_1_mid1_fu_2700_p3             |    select|   0|  0|   64|           1|          63|
    |data_24_fu_2003_p3                 |    select|   0|  0|   64|           1|           1|
    |data_25_fu_2336_p3                 |    select|   0|  0|   64|           1|           1|
    |data_fu_2390_p3                    |    select|   0|  0|   64|           1|          63|
    |empty_15_fu_2846_p3                |    select|   0|  0|   14|           1|          14|
    |empty_16_fu_2382_p3                |    select|   0|  0|   64|           1|          64|
    |empty_fu_2049_p3                   |    select|   0|  0|   64|           1|          64|
    |grp_fu_1490_p3                     |    select|   0|  0|   10|           1|          11|
    |grp_fu_1495_p3                     |    select|   0|  0|   10|           1|          11|
    |layer2_output_d0                   |    select|   0|  0|   32|           1|           1|
    |p_mid1_fu_2692_p3                  |    select|   0|  0|   64|           1|          64|
    |res_fu_4803_p3                     |    select|   0|  0|   32|           1|          32|
    |result_8_fu_2211_p3                |    select|   0|  0|   14|           1|          14|
    |result_8_mid1_fu_2859_p3           |    select|   0|  0|   14|           1|          14|
    |result_fu_2544_p3                  |    select|   0|  0|   21|           1|          22|
    |select_ln11_1_fu_1763_p3           |    select|   0|  0|    6|           1|           6|
    |select_ln11_66_fu_2816_p3          |    select|   0|  0|   14|           1|           1|
    |select_ln11_fu_1868_p3             |    select|   0|  0|    8|           1|           1|
    |select_ln13_2_fu_4242_p3           |    select|   0|  0|    8|           1|           8|
    |select_ln13_3_fu_2867_p3           |    select|   0|  0|   14|           1|          14|
    |select_ln13_4_fu_4282_p3           |    select|   0|  0|   16|           1|           1|
    |select_ln13_fu_1844_p3             |    select|   0|  0|    8|           1|           1|
    |select_ln25_fu_4811_p3             |    select|   0|  0|   32|           1|          32|
    |select_ln488_fu_2646_p3            |    select|   0|  0|   64|           1|           1|
    |val_1_fu_2198_p3                   |    select|   0|  0|   14|           1|          14|
    |val_fu_2531_p3                     |    select|   0|  0|   21|           1|          22|
    |shl_i_i_i_i_i40_fu_2181_p2         |       shl|   0|  0|  460|         137|         137|
    |shl_i_i_i_i_i40_mid1_fu_2829_p2    |       shl|   0|  0|  460|         137|         137|
    |shl_i_i_i_i_i_fu_2514_p2           |       shl|   0|  0|  460|         137|         137|
    |ap_enable_pp0                      |       xor|   0|  0|    2|           1|           2|
    |xor_ln11_fu_1822_p2                |       xor|   0|  0|    2|           1|           2|
    |xor_ln18_1_fu_2312_p2              |       xor|   0|  0|    2|           1|           2|
    |xor_ln18_2_fu_4791_p2              |       xor|   0|  0|    2|           1|           2|
    |xor_ln18_6_fu_2622_p2              |       xor|   0|  0|    2|           1|           2|
    |xor_ln18_fu_1979_p2                |       xor|   0|  0|    2|           1|           2|
    +-----------------------------------+----------+----+---+-----+------------+------------+
    |Total                              |          |   0|  0| 8487|        5306|        4976|
    +-----------------------------------+----------+----+---+-----+------------+------------+

    * Multiplexer: 
    +----------------------------------+-----+-----------+-----+-----------+
    |               Name               | LUT | Input Size| Bits| Total Bits|
    +----------------------------------+-----+-----------+-----+-----------+
    |ap_NS_fsm                         |  152|         33|    1|         33|
    |ap_done_int                       |    9|          2|    1|          2|
    |ap_enable_reg_pp0_iter0           |    9|          2|    1|          2|
    |ap_enable_reg_pp0_iter1           |    9|          2|    1|          2|
    |ap_enable_reg_pp0_iter8           |    9|          2|    1|          2|
    |ap_loop_exit_ready_pp0_iter1_reg  |    9|          2|    1|          2|
    |ap_loop_exit_ready_pp0_iter2_reg  |    9|          2|    1|          2|
    |ap_loop_exit_ready_pp0_iter3_reg  |    9|          2|    1|          2|
    |ap_loop_exit_ready_pp0_iter4_reg  |    9|          2|    1|          2|
    |ap_loop_exit_ready_pp0_iter5_reg  |    9|          2|    1|          2|
    |ap_loop_exit_ready_pp0_iter6_reg  |    9|          2|    1|          2|
    |ap_loop_exit_ready_pp0_iter7_reg  |    9|          2|    1|          2|
    |conv2_weights_address0            |  152|         33|   11|        363|
    |conv2_weights_address1            |  152|         33|   11|        363|
    |grp_fu_1466_p0                    |   37|          7|   32|        224|
    |grp_fu_1466_p1                    |  125|         25|   32|        800|
    |grp_fu_1471_p0                    |   37|          7|   32|        224|
    |grp_fu_1471_p1                    |  125|         25|   32|        800|
    |grp_fu_1475_p0                    |   37|          7|   32|        224|
    |grp_fu_1475_p1                    |   89|         18|   32|        576|
    |grp_fu_1479_p0                    |  152|         33|   32|       1056|
    |grp_fu_1479_p1                    |   31|          6|   32|        192|
    |grp_fu_1483_p0                    |  152|         33|   32|       1056|
    |grp_fu_1483_p1                    |   31|          6|   32|        192|
    |grp_fu_1487_p0                    |   20|          4|   32|        128|
    |grp_fu_1490_p0                    |   14|          3|    1|          3|
    |grp_fu_1490_p1                    |   14|          3|   11|         33|
    |grp_fu_1490_p2                    |   14|          3|   11|         33|
    |grp_fu_1495_p0                    |   14|          3|    1|          3|
    |grp_fu_1495_p1                    |   14|          3|   11|         33|
    |grp_fu_1495_p2                    |   14|          3|   11|         33|
    |indvar_flatten195_fu_394          |    9|          2|   21|         42|
    |indvar_flatten_fu_386             |    9|          2|   16|         32|
    |layer1_output_address0            |  152|         33|   22|        726|
    |layer1_output_address1            |  152|         33|   22|        726|
    |out_feat_fu_390                   |    9|          2|    6|         12|
    |out_feat_x_fu_378                 |    9|          2|    8|         16|
    |out_feat_y_fu_382                 |    9|          2|    8|         16|
    +----------------------------------+-----+-----------+-----+-----------+
    |Total                             | 1824|        386|  535|       7961|
    +----------------------------------+-----+-----------+-----+-----------+

    * Register: 
    +---------------------------------------------------------+----+----+-----+-----------+
    |                           Name                          | FF | LUT| Bits| Const Bits|
    +---------------------------------------------------------+----+----+-----+-----------+
    |add_ln13_reg_4969                                        |   8|   0|    8|          0|
    |add_ln33_143_reg_6373                                    |  22|   0|   22|          0|
    |add_ln33_144_reg_6378                                    |  22|   0|   22|          0|
    |add_ln38_1_reg_6508                                      |  21|   0|   21|          0|
    |and_ln11_reg_4938                                        |   1|   0|    1|          0|
    |ap_CS_fsm                                                |  32|   0|   32|          0|
    |ap_done_reg                                              |   1|   0|    1|          0|
    |ap_enable_reg_pp0_iter0_reg                              |   1|   0|    1|          0|
    |ap_enable_reg_pp0_iter1                                  |   1|   0|    1|          0|
    |ap_enable_reg_pp0_iter2                                  |   1|   0|    1|          0|
    |ap_enable_reg_pp0_iter3                                  |   1|   0|    1|          0|
    |ap_enable_reg_pp0_iter4                                  |   1|   0|    1|          0|
    |ap_enable_reg_pp0_iter5                                  |   1|   0|    1|          0|
    |ap_enable_reg_pp0_iter6                                  |   1|   0|    1|          0|
    |ap_enable_reg_pp0_iter7                                  |   1|   0|    1|          0|
    |ap_enable_reg_pp0_iter8                                  |   1|   0|    1|          0|
    |ap_loop_exit_ready_pp0_iter1_reg                         |   1|   0|    1|          0|
    |ap_loop_exit_ready_pp0_iter2_reg                         |   1|   0|    1|          0|
    |ap_loop_exit_ready_pp0_iter3_reg                         |   1|   0|    1|          0|
    |ap_loop_exit_ready_pp0_iter4_reg                         |   1|   0|    1|          0|
    |ap_loop_exit_ready_pp0_iter5_reg                         |   1|   0|    1|          0|
    |ap_loop_exit_ready_pp0_iter6_reg                         |   1|   0|    1|          0|
    |ap_loop_exit_ready_pp0_iter7_reg                         |   1|   0|    1|          0|
    |conv2_biases_load_reg_6513                               |  32|   0|   32|          0|
    |conv2_weights_load_60_reg_6088                           |  32|   0|   32|          0|
    |conv2_weights_load_61_reg_6093                           |  32|   0|   32|          0|
    |conv2_weights_load_62_reg_6143                           |  32|   0|   32|          0|
    |conv2_weights_load_63_reg_6148                           |  32|   0|   32|          0|
    |data_1_mid1_reg_5167                                     |  64|   0|   64|          0|
    |icmp_ln11_reg_4885                                       |   1|   0|    1|          0|
    |icmp_ln13_reg_4894                                       |   1|   0|    1|          0|
    |indvar_flatten195_fu_394                                 |  21|   0|   21|          0|
    |indvar_flatten_fu_386                                    |  16|   0|   16|          0|
    |indvar_flatten_load_reg_4889                             |  16|   0|   16|          0|
    |layer1_output_load_60_reg_6423                           |  32|   0|   32|          0|
    |layer1_output_load_61_reg_6428                           |  32|   0|   32|          0|
    |layer1_output_load_62_reg_6453                           |  32|   0|   32|          0|
    |layer1_output_load_63_reg_6458                           |  32|   0|   32|          0|
    |mantissa_2_cast_cast_cast_reg_5059                       |  52|   0|  137|         85|
    |mantissa_4_cast_cast_cast_reg_4994                       |  52|   0|  137|         85|
    |mantissa_4_cast_mid1_cast_cast_reg_5172                  |  52|   0|  137|         85|
    |mul_10_reg_5593                                          |  32|   0|   32|          0|
    |mul_10_reg_5593_pp0_iter1_reg                            |  32|   0|   32|          0|
    |mul_11_reg_5628                                          |  32|   0|   32|          0|
    |mul_11_reg_5628_pp0_iter1_reg                            |  32|   0|   32|          0|
    |mul_12_reg_5633                                          |  32|   0|   32|          0|
    |mul_12_reg_5633_pp0_iter1_reg                            |  32|   0|   32|          0|
    |mul_13_reg_5668                                          |  32|   0|   32|          0|
    |mul_13_reg_5668_pp0_iter1_reg                            |  32|   0|   32|          0|
    |mul_14_reg_5673                                          |  32|   0|   32|          0|
    |mul_14_reg_5673_pp0_iter1_reg                            |  32|   0|   32|          0|
    |mul_15_reg_5708                                          |  32|   0|   32|          0|
    |mul_15_reg_5708_pp0_iter1_reg                            |  32|   0|   32|          0|
    |mul_16_reg_5713                                          |  32|   0|   32|          0|
    |mul_16_reg_5713_pp0_iter1_reg                            |  32|   0|   32|          0|
    |mul_17_reg_5748                                          |  32|   0|   32|          0|
    |mul_18_reg_5753                                          |  32|   0|   32|          0|
    |mul_19_reg_5788                                          |  32|   0|   32|          0|
    |mul_1_reg_5393                                           |  32|   0|   32|          0|
    |mul_20_reg_5793                                          |  32|   0|   32|          0|
    |mul_21_reg_5828                                          |  32|   0|   32|          0|
    |mul_22_reg_5833                                          |  32|   0|   32|          0|
    |mul_23_reg_5868                                          |  32|   0|   32|          0|
    |mul_24_reg_5873                                          |  32|   0|   32|          0|
    |mul_25_reg_5908                                          |  32|   0|   32|          0|
    |mul_26_reg_5913                                          |  32|   0|   32|          0|
    |mul_27_reg_5948                                          |  32|   0|   32|          0|
    |mul_28_reg_5953                                          |  32|   0|   32|          0|
    |mul_29_reg_5988                                          |  32|   0|   32|          0|
    |mul_2_reg_5428                                           |  32|   0|   32|          0|
    |mul_30_reg_5993                                          |  32|   0|   32|          0|
    |mul_31_reg_6028                                          |  32|   0|   32|          0|
    |mul_32_reg_6033                                          |  32|   0|   32|          0|
    |mul_33_reg_6068                                          |  32|   0|   32|          0|
    |mul_34_reg_6073                                          |  32|   0|   32|          0|
    |mul_35_reg_6123                                          |  32|   0|   32|          0|
    |mul_36_reg_6128                                          |  32|   0|   32|          0|
    |mul_37_reg_6163                                          |  32|   0|   32|          0|
    |mul_38_reg_6168                                          |  32|   0|   32|          0|
    |mul_39_reg_6193                                          |  32|   0|   32|          0|
    |mul_3_reg_5433                                           |  32|   0|   32|          0|
    |mul_40_reg_6198                                          |  32|   0|   32|          0|
    |mul_41_reg_6223                                          |  32|   0|   32|          0|
    |mul_42_reg_6228                                          |  32|   0|   32|          0|
    |mul_43_reg_6253                                          |  32|   0|   32|          0|
    |mul_44_reg_6258                                          |  32|   0|   32|          0|
    |mul_45_reg_6283                                          |  32|   0|   32|          0|
    |mul_46_reg_6288                                          |  32|   0|   32|          0|
    |mul_47_reg_6313                                          |  32|   0|   32|          0|
    |mul_48_reg_6318                                          |  32|   0|   32|          0|
    |mul_49_reg_6343                                          |  32|   0|   32|          0|
    |mul_4_reg_5468                                           |  32|   0|   32|          0|
    |mul_50_reg_6348                                          |  32|   0|   32|          0|
    |mul_51_reg_6383                                          |  32|   0|   32|          0|
    |mul_52_reg_6388                                          |  32|   0|   32|          0|
    |mul_53_reg_6413                                          |  32|   0|   32|          0|
    |mul_54_reg_6418                                          |  32|   0|   32|          0|
    |mul_55_reg_6443                                          |  32|   0|   32|          0|
    |mul_56_reg_6448                                          |  32|   0|   32|          0|
    |mul_57_reg_6473                                          |  32|   0|   32|          0|
    |mul_58_reg_6478                                          |  32|   0|   32|          0|
    |mul_59_reg_6483                                          |  32|   0|   32|          0|
    |mul_5_reg_5473                                           |  32|   0|   32|          0|
    |mul_60_reg_6488                                          |  32|   0|   32|          0|
    |mul_61_reg_6493                                          |  32|   0|   32|          0|
    |mul_62_reg_6498                                          |  32|   0|   32|          0|
    |mul_6_reg_5508                                           |  32|   0|   32|          0|
    |mul_7_reg_5513                                           |  32|   0|   32|          0|
    |mul_8_reg_5548                                           |  32|   0|   32|          0|
    |mul_9_reg_5553                                           |  32|   0|   32|          0|
    |mul_9_reg_5553_pp0_iter1_reg                             |  32|   0|   32|          0|
    |mul_reg_5388                                             |  32|   0|   32|          0|
    |mul_s_reg_5588                                           |  32|   0|   32|          0|
    |mul_s_reg_5588_pp0_iter1_reg                             |  32|   0|   32|          0|
    |out_feat_fu_390                                          |   6|   0|    6|          0|
    |out_feat_x_fu_378                                        |   8|   0|    8|          0|
    |out_feat_y_1_reg_4869                                    |   8|   0|    8|          0|
    |out_feat_y_fu_382                                        |   8|   0|    8|          0|
    |reg_1500                                                 |  32|   0|   32|          0|
    |reg_1504                                                 |  32|   0|   32|          0|
    |reg_1508                                                 |  32|   0|   32|          0|
    |reg_1512                                                 |  32|   0|   32|          0|
    |reg_1516                                                 |  64|   0|   64|          0|
    |reg_1520                                                 |  32|   0|   32|          0|
    |reg_1524                                                 |  32|   0|   32|          0|
    |reg_1528                                                 |  32|   0|   32|          0|
    |reg_1532                                                 |  32|   0|   32|          0|
    |reg_1536                                                 |  32|   0|   32|          0|
    |reg_1540                                                 |  32|   0|   32|          0|
    |reg_1544                                                 |  32|   0|   32|          0|
    |reg_1548                                                 |  32|   0|   32|          0|
    |reg_1552                                                 |  32|   0|   32|          0|
    |reg_1556                                                 |  32|   0|   32|          0|
    |reg_1560                                                 |  32|   0|   32|          0|
    |reg_1564                                                 |  32|   0|   32|          0|
    |reg_1568                                                 |  32|   0|   32|          0|
    |reg_1572                                                 |  32|   0|   32|          0|
    |reg_1576                                                 |  32|   0|   32|          0|
    |reg_1580                                                 |  32|   0|   32|          0|
    |reg_1584                                                 |  32|   0|   32|          0|
    |reg_1589                                                 |  32|   0|   32|          0|
    |reg_1594                                                 |  32|   0|   32|          0|
    |reg_1599                                                 |  32|   0|   32|          0|
    |reg_1604                                                 |  32|   0|   32|          0|
    |reg_1609                                                 |  32|   0|   32|          0|
    |reg_1614                                                 |  32|   0|   32|          0|
    |reg_1620                                                 |  32|   0|   32|          0|
    |reg_1626                                                 |  32|   0|   32|          0|
    |reg_1631                                                 |  32|   0|   32|          0|
    |reg_1637                                                 |  32|   0|   32|          0|
    |reg_1643                                                 |  32|   0|   32|          0|
    |reg_1649                                                 |  32|   0|   32|          0|
    |reg_1655                                                 |  32|   0|   32|          0|
    |reg_1661                                                 |  32|   0|   32|          0|
    |result_8_reg_5024                                        |  14|   0|   14|          0|
    |result_reg_5089                                          |  22|   0|   22|          0|
    |select_ln11_1_reg_4911                                   |   6|   0|    6|          0|
    |select_ln11_reg_4954                                     |   8|   0|    8|          0|
    |select_ln13_2_reg_6108                                   |   8|   0|    8|          0|
    |select_ln13_reg_4944                                     |   8|   0|    8|          0|
    |sh_prom_i18_i_i_i_i38_cast_cast_cast_cast_reg_5004       |  32|   0|  137|        105|
    |sh_prom_i18_i_i_i_i38_cast_cast_mid1_cast_cast_reg_5182  |  32|   0|  137|        105|
    |sh_prom_i18_i_i_i_i_cast_cast_cast_cast_reg_5069         |  32|   0|  137|        105|
    |sub_ln33_reg_5202                                        |  22|   0|   22|          0|
    |tmp_29_reg_4999                                          |   1|   0|    1|          0|
    |tmp_30_reg_5009                                          |   1|   0|    1|          0|
    |tmp_33_reg_5177                                          |   1|   0|    1|          0|
    |tmp_34_reg_5187                                          |   1|   0|    1|          0|
    |tmp_37_reg_5064                                          |   1|   0|    1|          0|
    |tmp_38_reg_5074                                          |   1|   0|    1|          0|
    |tmp_85_cast_reg_4905                                     |   5|   0|   11|          6|
    |tmp_cast_reg_4874                                        |   5|   0|   11|          6|
    |x_assign_2_mid1_reg_5039                                 |  64|   0|   64|          0|
    |xs_sign_1_reg_4989                                       |   1|   0|    1|          0|
    |xs_sign_reg_5054                                         |   1|   0|    1|          0|
    |icmp_ln11_reg_4885                                       |  64|  32|    1|          0|
    |mul_17_reg_5748                                          |  64|  32|   32|          0|
    |mul_18_reg_5753                                          |  64|  32|   32|          0|
    |mul_19_reg_5788                                          |  64|  32|   32|          0|
    |mul_20_reg_5793                                          |  64|  32|   32|          0|
    |mul_21_reg_5828                                          |  64|  32|   32|          0|
    |mul_22_reg_5833                                          |  64|  32|   32|          0|
    |mul_23_reg_5868                                          |  64|  32|   32|          0|
    |mul_24_reg_5873                                          |  64|  32|   32|          0|
    |mul_25_reg_5908                                          |  64|  32|   32|          0|
    |mul_26_reg_5913                                          |  64|  32|   32|          0|
    |mul_27_reg_5948                                          |  64|  32|   32|          0|
    |mul_28_reg_5953                                          |  64|  32|   32|          0|
    |mul_29_reg_5988                                          |  64|  32|   32|          0|
    |mul_30_reg_5993                                          |  64|  32|   32|          0|
    |mul_31_reg_6028                                          |  64|  32|   32|          0|
    |mul_32_reg_6033                                          |  64|  32|   32|          0|
    |mul_33_reg_6068                                          |  64|  32|   32|          0|
    |mul_34_reg_6073                                          |  64|  32|   32|          0|
    |mul_35_reg_6123                                          |  64|  32|   32|          0|
    |mul_36_reg_6128                                          |  64|  32|   32|          0|
    |mul_37_reg_6163                                          |  64|  32|   32|          0|
    |mul_38_reg_6168                                          |  64|  32|   32|          0|
    |mul_39_reg_6193                                          |  64|  32|   32|          0|
    |mul_40_reg_6198                                          |  64|  32|   32|          0|
    |mul_41_reg_6223                                          |  64|  32|   32|          0|
    |mul_42_reg_6228                                          |  64|  32|   32|          0|
    |mul_43_reg_6253                                          |  64|  32|   32|          0|
    |mul_44_reg_6258                                          |  64|  32|   32|          0|
    |mul_45_reg_6283                                          |  64|  32|   32|          0|
    |mul_46_reg_6288                                          |  64|  32|   32|          0|
    |mul_47_reg_6313                                          |  64|  32|   32|          0|
    |mul_48_reg_6318                                          |  64|  32|   32|          0|
    |mul_49_reg_6343                                          |  64|  32|   32|          0|
    |mul_50_reg_6348                                          |  64|  32|   32|          0|
    |mul_51_reg_6383                                          |  64|  32|   32|          0|
    |mul_52_reg_6388                                          |  64|  32|   32|          0|
    |mul_53_reg_6413                                          |  64|  32|   32|          0|
    |mul_54_reg_6418                                          |  64|  32|   32|          0|
    |mul_55_reg_6443                                          |  64|  32|   32|          0|
    |mul_56_reg_6448                                          |  64|  32|   32|          0|
    |mul_57_reg_6473                                          |  64|  32|   32|          0|
    |mul_58_reg_6478                                          |  64|  32|   32|          0|
    |mul_59_reg_6483                                          |  64|  32|   32|          0|
    |mul_60_reg_6488                                          |  64|  32|   32|          0|
    |mul_61_reg_6493                                          |  64|  32|   32|          0|
    |mul_62_reg_6498                                          |  64|  32|   32|          0|
    |select_ln11_1_reg_4911                                   |  64|  32|    6|          0|
    |select_ln13_2_reg_6108                                   |  64|  32|    8|          0|
    |select_ln13_reg_4944                                     |  64|  32|    8|          0|
    +---------------------------------------------------------+----+----+-----+-----------+
    |Total                                                    |7702|1600| 6579|        582|
    +---------------------------------------------------------+----+----+-----+-----------+



================================================================
== Interface
================================================================
* Summary: 
+------------------------+-----+-----+------------+---------------+--------------+
|        RTL Ports       | Dir | Bits|  Protocol  | Source Object |    C Type    |
+------------------------+-----+-----+------------+---------------+--------------+
|ap_clk                  |   in|    1|  ap_ctrl_hs|          conv2|  return value|
|ap_rst                  |   in|    1|  ap_ctrl_hs|          conv2|  return value|
|ap_start                |   in|    1|  ap_ctrl_hs|          conv2|  return value|
|ap_done                 |  out|    1|  ap_ctrl_hs|          conv2|  return value|
|ap_idle                 |  out|    1|  ap_ctrl_hs|          conv2|  return value|
|ap_ready                |  out|    1|  ap_ctrl_hs|          conv2|  return value|
|grp_fu_97_p_din0        |  out|   32|  ap_ctrl_hs|          conv2|  return value|
|grp_fu_97_p_din1        |  out|   32|  ap_ctrl_hs|          conv2|  return value|
|grp_fu_97_p_opcode      |  out|    2|  ap_ctrl_hs|          conv2|  return value|
|grp_fu_97_p_dout0       |   in|   32|  ap_ctrl_hs|          conv2|  return value|
|grp_fu_97_p_ce          |  out|    1|  ap_ctrl_hs|          conv2|  return value|
|grp_fu_101_p_din0       |  out|   32|  ap_ctrl_hs|          conv2|  return value|
|grp_fu_101_p_din1       |  out|   32|  ap_ctrl_hs|          conv2|  return value|
|grp_fu_101_p_dout0      |   in|   32|  ap_ctrl_hs|          conv2|  return value|
|grp_fu_101_p_ce         |  out|    1|  ap_ctrl_hs|          conv2|  return value|
|grp_fu_108_p_din0       |  out|   32|  ap_ctrl_hs|          conv2|  return value|
|grp_fu_108_p_dout0      |   in|   64|  ap_ctrl_hs|          conv2|  return value|
|grp_fu_108_p_ce         |  out|    1|  ap_ctrl_hs|          conv2|  return value|
|conv2_weights_address0  |  out|   11|   ap_memory|  conv2_weights|         array|
|conv2_weights_ce0       |  out|    1|   ap_memory|  conv2_weights|         array|
|conv2_weights_q0        |   in|   32|   ap_memory|  conv2_weights|         array|
|conv2_weights_address1  |  out|   11|   ap_memory|  conv2_weights|         array|
|conv2_weights_ce1       |  out|    1|   ap_memory|  conv2_weights|         array|
|conv2_weights_q1        |   in|   32|   ap_memory|  conv2_weights|         array|
|conv2_biases_address0   |  out|    5|   ap_memory|   conv2_biases|         array|
|conv2_biases_ce0        |  out|    1|   ap_memory|   conv2_biases|         array|
|conv2_biases_q0         |   in|   32|   ap_memory|   conv2_biases|         array|
|layer1_output_address0  |  out|   22|   ap_memory|  layer1_output|         array|
|layer1_output_ce0       |  out|    1|   ap_memory|  layer1_output|         array|
|layer1_output_q0        |   in|   32|   ap_memory|  layer1_output|         array|
|layer1_output_address1  |  out|   22|   ap_memory|  layer1_output|         array|
|layer1_output_ce1       |  out|    1|   ap_memory|  layer1_output|         array|
|layer1_output_q1        |   in|   32|   ap_memory|  layer1_output|         array|
|layer2_output_address0  |  out|   21|   ap_memory|  layer2_output|         array|
|layer2_output_ce0       |  out|    1|   ap_memory|  layer2_output|         array|
|layer2_output_we0       |  out|    1|   ap_memory|  layer2_output|         array|
|layer2_output_d0        |  out|   32|   ap_memory|  layer2_output|         array|
+------------------------+-----+-----+------------+---------------+--------------+

