

================================================================
== Vitis HLS Report for 'reconstructor'
================================================================
* Date:           Thu Oct 30 18:13:50 2025

* Version:        2023.1 (Build 3854077 on May  4 2023)
* Project:        srcnn_hls
* Solution:       solution1 (Vivado IP Flow Target)
* Product family: zynquplus
* Target device:  xck26-sfvc784-2LV-c


================================================================
== Performance Estimates
================================================================
+ Timing: 
    * Summary: 
    +--------+----------+----------+------------+
    |  Clock |  Target  | Estimated| Uncertainty|
    +--------+----------+----------+------------+
    |ap_clk  |  10.00 ns|  7.300 ns|     2.70 ns|
    +--------+----------+----------+------------+

+ Latency: 
    * Summary: 
    +---------+---------+----------+----------+-----+-----+---------+
    |  Latency (cycles) |  Latency (absolute) |  Interval | Pipeline|
    |   min   |   max   |    min   |    max   | min | max |   Type  |
    +---------+---------+----------+----------+-----+-----+---------+
    |      298|      298|  2.980 us|  2.980 us|  298|  298|       no|
    +---------+---------+----------+----------+-----+-----+---------+

    + Detail: 
        * Instance: 
        +---------------------------------------------------+-----------------------------------------+---------+---------+----------+----------+-----+-----+---------+
        |                                                   |                                         |  Latency (cycles) |  Latency (absolute) |  Interval | Pipeline|
        |                      Instance                     |                  Module                 |   min   |   max   |    min   |    max   | min | max |   Type  |
        +---------------------------------------------------+-----------------------------------------+---------+---------+----------+----------+-----+-----+---------+
        |grp_reconstructor_Pipeline_VITIS_LOOP_465_2_fu_66  |reconstructor_Pipeline_VITIS_LOOP_465_2  |      297|      297|  2.970 us|  2.970 us|  297|  297|       no|
        +---------------------------------------------------+-----------------------------------------+---------+---------+----------+----------+-----+-----+---------+

        * Loop: 
        N/A



================================================================
== Utilization Estimates
================================================================
* Summary: 
+-----------------+---------+------+--------+--------+-----+
|       Name      | BRAM_18K|  DSP |   FF   |   LUT  | URAM|
+-----------------+---------+------+--------+--------+-----+
|DSP              |        -|     -|       -|       -|    -|
|Expression       |        -|     -|       0|       2|    -|
|FIFO             |        -|     -|       -|       -|    -|
|Instance         |        -|     -|     195|     481|    -|
|Memory           |        -|     -|       -|       -|    -|
|Multiplexer      |        -|     -|       -|      77|    -|
|Register         |        -|     -|      85|       -|    -|
+-----------------+---------+------+--------+--------+-----+
|Total            |        0|     0|     280|     560|    0|
+-----------------+---------+------+--------+--------+-----+
|Available        |      288|  1248|  234240|  117120|   64|
+-----------------+---------+------+--------+--------+-----+
|Utilization (%)  |        0|     0|      ~0|      ~0|    0|
+-----------------+---------+------+--------+--------+-----+

+ Detail: 
    * Instance: 
    +---------------------------------------------------+-----------------------------------------+---------+----+-----+-----+-----+
    |                      Instance                     |                  Module                 | BRAM_18K| DSP|  FF | LUT | URAM|
    +---------------------------------------------------+-----------------------------------------+---------+----+-----+-----+-----+
    |grp_reconstructor_Pipeline_VITIS_LOOP_465_2_fu_66  |reconstructor_Pipeline_VITIS_LOOP_465_2  |        0|   0|  195|  481|    0|
    +---------------------------------------------------+-----------------------------------------+---------+----+-----+-----+-----+
    |Total                                              |                                         |        0|   0|  195|  481|    0|
    +---------------------------------------------------+-----------------------------------------+---------+----+-----+-----+-----+

    * DSP: 
    N/A

    * Memory: 
    N/A

    * FIFO: 
    N/A

    * Expression: 
    +-----------------+----------+----+---+----+------------+------------+
    |  Variable Name  | Operation| DSP| FF| LUT| Bitwidth P0| Bitwidth P1|
    +-----------------+----------+----+---+----+------------+------------+
    |ap_block_state1  |        or|   0|  0|   2|           1|           1|
    +-----------------+----------+----+---+----+------------+------------+
    |Total            |          |   0|  0|   2|           1|           1|
    +-----------------+----------+----+---+----+------------+------------+

    * Multiplexer: 
    +------------------------+----+-----------+-----+-----------+
    |          Name          | LUT| Input Size| Bits| Total Bits|
    +------------------------+----+-----------+-----+-----------+
    |ap_NS_fsm               |  14|          3|    1|          3|
    |ap_done                 |   9|          2|    1|          2|
    |m_axi_gmem_out_AWVALID  |   9|          2|    1|          2|
    |m_axi_gmem_out_BREADY   |   9|          2|    1|          2|
    |m_axi_gmem_out_WVALID   |   9|          2|    1|          2|
    |output_ftmap_blk_n      |   9|          2|    1|          2|
    |pixel_h_loc_blk_n       |   9|          2|    1|          2|
    |pixel_w_loc_blk_n       |   9|          2|    1|          2|
    +------------------------+----+-----------+-----+-----------+
    |Total                   |  77|         17|    8|         17|
    +------------------------+----+-----------+-----+-----------+

    * Register: 
    +----------------------------------------------------------------+----+----+-----+-----------+
    |                              Name                              | FF | LUT| Bits| Const Bits|
    +----------------------------------------------------------------+----+----+-----+-----------+
    |ap_CS_fsm                                                       |   2|   0|    2|          0|
    |ap_done_reg                                                     |   1|   0|    1|          0|
    |grp_reconstructor_Pipeline_VITIS_LOOP_465_2_fu_66_ap_start_reg  |   1|   0|    1|          0|
    |output_ftmap_1_reg_88                                           |  64|   0|   64|          0|
    |pixel_h_reg_93                                                  |   9|   0|    9|          0|
    |tmp_reg_98                                                      |   8|   0|   10|          2|
    +----------------------------------------------------------------+----+----+-----+-----------+
    |Total                                                           |  85|   0|   87|          2|
    +----------------------------------------------------------------+----+----+-----+-----------+



================================================================
== Interface
================================================================
* Summary: 
+-------------------------------+-----+-----+------------+----------------------+--------------+
|           RTL Ports           | Dir | Bits|  Protocol  |     Source Object    |    C Type    |
+-------------------------------+-----+-----+------------+----------------------+--------------+
|ap_clk                         |   in|    1|  ap_ctrl_hs|         reconstructor|  return value|
|ap_rst                         |   in|    1|  ap_ctrl_hs|         reconstructor|  return value|
|ap_start                       |   in|    1|  ap_ctrl_hs|         reconstructor|  return value|
|ap_done                        |  out|    1|  ap_ctrl_hs|         reconstructor|  return value|
|ap_continue                    |   in|    1|  ap_ctrl_hs|         reconstructor|  return value|
|ap_idle                        |  out|    1|  ap_ctrl_hs|         reconstructor|  return value|
|ap_ready                       |  out|    1|  ap_ctrl_hs|         reconstructor|  return value|
|m_axi_gmem_out_AWVALID         |  out|    1|       m_axi|              gmem_out|       pointer|
|m_axi_gmem_out_AWREADY         |   in|    1|       m_axi|              gmem_out|       pointer|
|m_axi_gmem_out_AWADDR          |  out|   64|       m_axi|              gmem_out|       pointer|
|m_axi_gmem_out_AWID            |  out|    1|       m_axi|              gmem_out|       pointer|
|m_axi_gmem_out_AWLEN           |  out|   32|       m_axi|              gmem_out|       pointer|
|m_axi_gmem_out_AWSIZE          |  out|    3|       m_axi|              gmem_out|       pointer|
|m_axi_gmem_out_AWBURST         |  out|    2|       m_axi|              gmem_out|       pointer|
|m_axi_gmem_out_AWLOCK          |  out|    2|       m_axi|              gmem_out|       pointer|
|m_axi_gmem_out_AWCACHE         |  out|    4|       m_axi|              gmem_out|       pointer|
|m_axi_gmem_out_AWPROT          |  out|    3|       m_axi|              gmem_out|       pointer|
|m_axi_gmem_out_AWQOS           |  out|    4|       m_axi|              gmem_out|       pointer|
|m_axi_gmem_out_AWREGION        |  out|    4|       m_axi|              gmem_out|       pointer|
|m_axi_gmem_out_AWUSER          |  out|    1|       m_axi|              gmem_out|       pointer|
|m_axi_gmem_out_WVALID          |  out|    1|       m_axi|              gmem_out|       pointer|
|m_axi_gmem_out_WREADY          |   in|    1|       m_axi|              gmem_out|       pointer|
|m_axi_gmem_out_WDATA           |  out|   32|       m_axi|              gmem_out|       pointer|
|m_axi_gmem_out_WSTRB           |  out|    4|       m_axi|              gmem_out|       pointer|
|m_axi_gmem_out_WLAST           |  out|    1|       m_axi|              gmem_out|       pointer|
|m_axi_gmem_out_WID             |  out|    1|       m_axi|              gmem_out|       pointer|
|m_axi_gmem_out_WUSER           |  out|    1|       m_axi|              gmem_out|       pointer|
|m_axi_gmem_out_ARVALID         |  out|    1|       m_axi|              gmem_out|       pointer|
|m_axi_gmem_out_ARREADY         |   in|    1|       m_axi|              gmem_out|       pointer|
|m_axi_gmem_out_ARADDR          |  out|   64|       m_axi|              gmem_out|       pointer|
|m_axi_gmem_out_ARID            |  out|    1|       m_axi|              gmem_out|       pointer|
|m_axi_gmem_out_ARLEN           |  out|   32|       m_axi|              gmem_out|       pointer|
|m_axi_gmem_out_ARSIZE          |  out|    3|       m_axi|              gmem_out|       pointer|
|m_axi_gmem_out_ARBURST         |  out|    2|       m_axi|              gmem_out|       pointer|
|m_axi_gmem_out_ARLOCK          |  out|    2|       m_axi|              gmem_out|       pointer|
|m_axi_gmem_out_ARCACHE         |  out|    4|       m_axi|              gmem_out|       pointer|
|m_axi_gmem_out_ARPROT          |  out|    3|       m_axi|              gmem_out|       pointer|
|m_axi_gmem_out_ARQOS           |  out|    4|       m_axi|              gmem_out|       pointer|
|m_axi_gmem_out_ARREGION        |  out|    4|       m_axi|              gmem_out|       pointer|
|m_axi_gmem_out_ARUSER          |  out|    1|       m_axi|              gmem_out|       pointer|
|m_axi_gmem_out_RVALID          |   in|    1|       m_axi|              gmem_out|       pointer|
|m_axi_gmem_out_RREADY          |  out|    1|       m_axi|              gmem_out|       pointer|
|m_axi_gmem_out_RDATA           |   in|   32|       m_axi|              gmem_out|       pointer|
|m_axi_gmem_out_RLAST           |   in|    1|       m_axi|              gmem_out|       pointer|
|m_axi_gmem_out_RID             |   in|    1|       m_axi|              gmem_out|       pointer|
|m_axi_gmem_out_RFIFONUM        |   in|    9|       m_axi|              gmem_out|       pointer|
|m_axi_gmem_out_RUSER           |   in|    1|       m_axi|              gmem_out|       pointer|
|m_axi_gmem_out_RRESP           |   in|    2|       m_axi|              gmem_out|       pointer|
|m_axi_gmem_out_BVALID          |   in|    1|       m_axi|              gmem_out|       pointer|
|m_axi_gmem_out_BREADY          |  out|    1|       m_axi|              gmem_out|       pointer|
|m_axi_gmem_out_BRESP           |   in|    2|       m_axi|              gmem_out|       pointer|
|m_axi_gmem_out_BID             |   in|    1|       m_axi|              gmem_out|       pointer|
|m_axi_gmem_out_BUSER           |   in|    1|       m_axi|              gmem_out|       pointer|
|output_ftmap_dout              |   in|   64|     ap_fifo|          output_ftmap|       pointer|
|output_ftmap_num_data_valid    |   in|    4|     ap_fifo|          output_ftmap|       pointer|
|output_ftmap_fifo_cap          |   in|    4|     ap_fifo|          output_ftmap|       pointer|
|output_ftmap_empty_n           |   in|    1|     ap_fifo|          output_ftmap|       pointer|
|output_ftmap_read              |  out|    1|     ap_fifo|          output_ftmap|       pointer|
|layer3_output_tile_0_address0  |  out|    9|   ap_memory|  layer3_output_tile_0|         array|
|layer3_output_tile_0_ce0       |  out|    1|   ap_memory|  layer3_output_tile_0|         array|
|layer3_output_tile_0_q0        |   in|   32|   ap_memory|  layer3_output_tile_0|         array|
|pixel_h_loc_dout               |   in|    9|     ap_fifo|           pixel_h_loc|       pointer|
|pixel_h_loc_num_data_valid     |   in|    3|     ap_fifo|           pixel_h_loc|       pointer|
|pixel_h_loc_fifo_cap           |   in|    3|     ap_fifo|           pixel_h_loc|       pointer|
|pixel_h_loc_empty_n            |   in|    1|     ap_fifo|           pixel_h_loc|       pointer|
|pixel_h_loc_read               |  out|    1|     ap_fifo|           pixel_h_loc|       pointer|
|pixel_w_loc_dout               |   in|    8|     ap_fifo|           pixel_w_loc|       pointer|
|pixel_w_loc_num_data_valid     |   in|    3|     ap_fifo|           pixel_w_loc|       pointer|
|pixel_w_loc_fifo_cap           |   in|    3|     ap_fifo|           pixel_w_loc|       pointer|
|pixel_w_loc_empty_n            |   in|    1|     ap_fifo|           pixel_w_loc|       pointer|
|pixel_w_loc_read               |  out|    1|     ap_fifo|           pixel_w_loc|       pointer|
+-------------------------------+-----+-----+------------+----------------------+--------------+

